
> @shiftready/web@0.1.0 build D:\Projects\Python\shiftready-ui\apps\web
> next build

[@sentry/nextjs] DEPRECATION WARNING: disableLogger is deprecated and will be removed in a future version. Use webpack.treeshake.removeDebugLogging instead. (Not supported with Turbopack.)
▲ Next.js 16.2.4 (Turbopack)
- Environments: .env.local
- Experiments (use with caution):
  · clientTraceMetadata

  Creating an optimized production build ...
[@sentry/nextjs] DEPRECATION WARNING: disableLogger is deprecated and will be removed in a future version. Use webpack.treeshake.removeDebugLogging instead. (Not supported with Turbopack.)
✓ Compiled successfully in 52s
  Running next.config.js provided runAfterProductionCompile ...
✓ Completed runAfterProductionCompile in 15.8s
  Running TypeScript ...
Failed to type check.

./src/app/(sellers)/settings/page.tsx:1248:10
Type error: Cannot find name 'blocked'.

  [90m1246 |[0m
  [90m1247 |[0m       <[33mSCard[0m label=[32m"Blocked users"[0m>
[31m[1m>[0m [90m1248 |[0m         {blocked.length === [35m0[0m ? (
  [90m     |[0m          [31m[1m^[0m
  [90m1249 |[0m           <div style={{ padding: [32m"16px 0"[0m, color: [32m"var(--sr-text-muted)"[0m, fontSize: [35m13[0m }..[33m.[0m
  [90m1250 |[0m         ) : (
  [90m1251 |[0m           blocked.map(u => (
Next.js build worker exited with code: 1 and signal: null
 ELIFECYCLE  Command failed with exit code 1.
